
MÓDULO 80 — MONITOR SBS Y VALIDACIÓN PROSPECTIVA
================================================================================================================================================================
Última fecha SBS detectada: 2026-06-30
Registros nuevos o corregidos en la base: 0

ÚLTIMOS VALORES SBS FONDO 3
----------------------------------------------------------------------------------------------------------------------------------------------------------------
fecha_cuota       afp  cuota_sbs
 2026-06-30   Habitat  33.537063
 2026-06-30   Integra  72.328460
 2026-06-30     Prima  65.791816
 2026-06-30 Profuturo  71.934830

MÉTRICAS PROSPECTIVAS
----------------------------------------------------------------------------------------------------------------------------------------------------------------
Empty DataFrame
Columns: [afp, n_pronosticos_evaluados, mape_prospectivo_pct, sesgo_pct, p90_error_abs_pct, error_maximo_abs_pct, acierto_direccion_pct, pearson_retorno]
Index: []

ARCHIVOS PRINCIPALES
----------------------------------------------------------------------------------------------------------------------------------------------------------------
 - C:\Users\PC\Downloads\afp_fondo3_inicio\afp_fondo3_inicio\data\processed\ca0001_modelo80_sbs_oficial_detectado.csv
 - C:\Users\PC\Downloads\afp_fondo3_inicio\afp_fondo3_inicio\data\processed\ca0001_modelo80_evaluacion_prospectiva.csv
 - C:\Users\PC\Downloads\afp_fondo3_inicio\afp_fondo3_inicio\data\processed\ca0001_modelo80_metricas_prospectivas.csv
 - C:\Users\PC\Downloads\afp_fondo3_inicio\afp_fondo3_inicio\data\processed\ca0001_modelo80_dashboard.html

Para abrir el tablero en Windows:
start "" "data\processed\ca0001_modelo80_dashboard.html"

MÓDULO 80 — MONITOR SBS Y VALIDACIÓN PROSPECTIVA
================================================================================================================================================================
Última fecha SBS detectada: 2026-06-30
Registros nuevos o corregidos en la base: 0

ÚLTIMOS VALORES SBS FONDO 3
----------------------------------------------------------------------------------------------------------------------------------------------------------------
fecha_cuota       afp  cuota_sbs
 2026-06-30   Habitat  33.537063
 2026-06-30   Integra  72.328460
 2026-06-30     Prima  65.791816
 2026-06-30 Profuturo  71.934830

MÉTRICAS PROSPECTIVAS
----------------------------------------------------------------------------------------------------------------------------------------------------------------
Empty DataFrame
Columns: [afp, n_pronosticos_evaluados, mape_prospectivo_pct, sesgo_pct, p90_error_abs_pct, error_maximo_abs_pct, acierto_direccion_pct, pearson_retorno]
Index: []

ARCHIVOS PRINCIPALES
----------------------------------------------------------------------------------------------------------------------------------------------------------------
 - C:\Users\PC\Downloads\afp_fondo3_inicio\afp_fondo3_inicio\data\processed\ca0001_modelo80_sbs_oficial_detectado.csv
 - C:\Users\PC\Downloads\afp_fondo3_inicio\afp_fondo3_inicio\data\processed\ca0001_modelo80_evaluacion_prospectiva.csv
 - C:\Users\PC\Downloads\afp_fondo3_inicio\afp_fondo3_inicio\data\processed\ca0001_modelo80_metricas_prospectivas.csv
 - C:\Users\PC\Downloads\afp_fondo3_inicio\afp_fondo3_inicio\data\processed\ca0001_modelo80_dashboard.html

Para abrir el tablero en Windows:
start "" "data\processed\ca0001_modelo80_dashboard.html"

MÓDULO 80 — MONITOR SBS Y VALIDACIÓN PROSPECTIVA
================================================================================================================================================================
Última fecha SBS detectada: 2026-06-30
Registros nuevos o corregidos en la base: 0

ÚLTIMOS VALORES SBS FONDO 3
----------------------------------------------------------------------------------------------------------------------------------------------------------------
fecha_cuota       afp  cuota_sbs
 2026-06-30   Habitat  33.537063
 2026-06-30   Integra  72.328460
 2026-06-30     Prima  65.791816
 2026-06-30 Profuturo  71.934830

MÉTRICAS PROSPECTIVAS
----------------------------------------------------------------------------------------------------------------------------------------------------------------
Empty DataFrame
Columns: [afp, n_pronosticos_evaluados, mape_prospectivo_pct, sesgo_pct, p90_error_abs_pct, error_maximo_abs_pct, acierto_direccion_pct, pearson_retorno]
Index: []

ARCHIVOS PRINCIPALES
----------------------------------------------------------------------------------------------------------------------------------------------------------------
 - C:\Users\PC\Downloads\afp_fondo3_inicio\afp_fondo3_inicio\data\processed\ca0001_modelo80_sbs_oficial_detectado.csv
 - C:\Users\PC\Downloads\afp_fondo3_inicio\afp_fondo3_inicio\data\processed\ca0001_modelo80_evaluacion_prospectiva.csv
 - C:\Users\PC\Downloads\afp_fondo3_inicio\afp_fondo3_inicio\data\processed\ca0001_modelo80_metricas_prospectivas.csv
 - C:\Users\PC\Downloads\afp_fondo3_inicio\afp_fondo3_inicio\data\processed\ca0001_modelo80_dashboard.html

Para abrir el tablero en Windows:
start "" "data\processed\ca0001_modelo80_dashboard.html"
