
MÓDULO 79 — MODELO CONGELADO Y ESTIMACIÓN PROSPECTIVA
==========================================================================================================================================================================
Última fecha oficial disponible: 2026-06-30
Ejecución prospectiva: 20260705T175512Z

Actualizando únicamente los instrumentos de la canasta final...
  [01/16] Descargando COPX
  [02/16] Descargando EFA
  [03/16] Descargando EPU
  [04/16] Descargando FCX
  [05/16] Descargando INRETC1.LM
  [06/16] Descargando MCHI
  [07/16] Descargando MINSURI1.LM
  [08/16] Descargando NEM
  [09/16] Descargando PEN=X
  [10/16] Descargando REMX
  [11/16] Descargando SPY
  [12/16] Descargando VT
  [13/16] Descargando VWO
  [14/16] Descargando XLE
  [15/16] Descargando ^AXJO
  [16/16] Descargando ^N225

ESTIMACIÓN ACTUAL
--------------------------------------------------------------------------------------------------------------------------------------------------------------------------
      afp              estado fecha_ultima_cuota_oficial  cuota_ultima_oficial fecha_estimada  cuota_estimada  retorno_acumulado_estimado_pct direccion_estimada  cobertura_factores_pct nivel_cobertura_datos  n_factores
  Habitat ESTIMACION_GENERADA                 2026-06-30             33.537063     2026-07-02       33.575568                        0.114815               SUBE                   100.0                  ALTA           9
  Integra ESTIMACION_GENERADA                 2026-06-30             72.328460     2026-07-02       72.442357                        0.157473               SUBE                   100.0                  ALTA           4
    Prima ESTIMACION_GENERADA                 2026-06-30             65.791816     2026-07-02       65.830393                        0.058634               SUBE                   100.0                  ALTA           3
Profuturo ESTIMACION_GENERADA                 2026-06-30             71.934830     2026-07-02       72.147418                        0.295529               SUBE                   100.0                  ALTA           5

AUDITORÍA DE DESCARGAS
--------------------------------------------------------------------------------------------------------------------------------------------------------------------------
     ticker   estado  n_precios fecha_inicio  fecha_fin
       COPX CORRECTO         27   2026-05-26 2026-07-02
        EFA CORRECTO         27   2026-05-26 2026-07-02
        EPU CORRECTO         27   2026-05-26 2026-07-02
        FCX CORRECTO         27   2026-05-26 2026-07-02
 INRETC1.LM CORRECTO         26   2026-05-26 2026-07-02
       MCHI CORRECTO         27   2026-05-26 2026-07-02
MINSURI1.LM CORRECTO         26   2026-05-26 2026-07-02
        NEM CORRECTO         27   2026-05-26 2026-07-02
      PEN=X CORRECTO         30   2026-05-26 2026-07-05
       REMX CORRECTO         27   2026-05-26 2026-07-02
        SPY CORRECTO         27   2026-05-26 2026-07-02
         VT CORRECTO         27   2026-05-26 2026-07-02
        VWO CORRECTO         27   2026-05-26 2026-07-02
        XLE CORRECTO         27   2026-05-26 2026-07-02
      ^AXJO CORRECTO         28   2026-05-26 2026-07-03
      ^N225 CORRECTO         29   2026-05-26 2026-07-03

ARCHIVOS CREADOS
--------------------------------------------------------------------------------------------------------------------------------------------------------------------------
 - C:\Users\PC\Downloads\afp_fondo3_inicio\afp_fondo3_inicio\data\processed\ca0001_modelo79_snapshot_estimacion_actual.csv
 - C:\Users\PC\Downloads\afp_fondo3_inicio\afp_fondo3_inicio\data\processed\ca0001_modelo79_detalle_estimaciones_run.csv
 - C:\Users\PC\Downloads\afp_fondo3_inicio\afp_fondo3_inicio\data\processed\ca0001_modelo79_bitacora_todas_ejecuciones.csv
 - C:\Users\PC\Downloads\afp_fondo3_inicio\afp_fondo3_inicio\data\processed\ca0001_modelo79_primer_pronostico_congelado.csv
 - C:\Users\PC\Downloads\afp_fondo3_inicio\afp_fondo3_inicio\data\processed\ca0001_modelo79_auditoria_descargas.csv
 - C:\Users\PC\Downloads\afp_fondo3_inicio\afp_fondo3_inicio\data\processed\ca0001_modelo79_coeficientes_congelados.csv
 - C:\Users\PC\Downloads\afp_fondo3_inicio\afp_fondo3_inicio\data\processed\ca0001_modelo79_canasta_congelada.csv
 - C:\Users\PC\Downloads\afp_fondo3_inicio\afp_fondo3_inicio\data\processed\ca0001_modelo79_manifiesto_modelo_congelado.json

LECTURA:
- La canasta y los hiperparámetros quedan congelados.
- Cada nueva ejecución puede actualizar precios, pero no cambiar los factores seleccionados.
- La bitácora conserva todas las ejecuciones.
- El archivo de primer pronóstico guarda la primera estimación realizada para cada fecha y no la reemplaza después.
- Cuando la SBS publique esas cuotas, el módulo 80 podrá compararlas contra los pronósticos congelados.

MÓDULO 80 — MONITOR SBS Y VALIDACIÓN PROSPECTIVA
================================================================================================================================================================
Última fecha SBS detectada: 2026-06-30
Registros nuevos o corregidos en la base: 0

ÚLTIMOS VALORES SBS FONDO 3
----------------------------------------------------------------------------------------------------------------------------------------------------------------
fecha_cuota       afp  cuota_sbs
 2026-06-30   Habitat  33.537063
 2026-06-30   Integra  72.328460
 2026-06-30     Prima  65.791816
 2026-06-30 Profuturo  71.934830

MÉTRICAS PROSPECTIVAS
----------------------------------------------------------------------------------------------------------------------------------------------------------------
Empty DataFrame
Columns: [afp, n_pronosticos_evaluados, mape_prospectivo_pct, sesgo_pct, p90_error_abs_pct, error_maximo_abs_pct, acierto_direccion_pct, pearson_retorno]
Index: []

Ejecutando módulo 79 para generar nuevos pronósticos...
Módulo 79 terminó con código: 0

ARCHIVOS PRINCIPALES
----------------------------------------------------------------------------------------------------------------------------------------------------------------
 - C:\Users\PC\Downloads\afp_fondo3_inicio\afp_fondo3_inicio\data\processed\ca0001_modelo80_sbs_oficial_detectado.csv
 - C:\Users\PC\Downloads\afp_fondo3_inicio\afp_fondo3_inicio\data\processed\ca0001_modelo80_evaluacion_prospectiva.csv
 - C:\Users\PC\Downloads\afp_fondo3_inicio\afp_fondo3_inicio\data\processed\ca0001_modelo80_metricas_prospectivas.csv
 - C:\Users\PC\Downloads\afp_fondo3_inicio\afp_fondo3_inicio\data\processed\ca0001_modelo80_dashboard.html

Para abrir el tablero en Windows:
start "" "data\processed\ca0001_modelo80_dashboard.html"
